V3 4
FL /home/student/Dropbox/Projects/V5-ReferenceDesign/v5-counter-test/v5-counter-test/counter.vhd 2014/05/28.22:43:09 K.39
EN work/cc123 1357000598 \
      FL /home/student/Dropbox/Projects/V5-ReferenceDesign/v5-counter-test/v5-counter-test/counter.vhd \
      PB ieee/std_logic_1164 1217055545 PB ieee/std_logic_arith 1217055546 \
      PB ieee/STD_LOGIC_UNSIGNED 1217055547
AR work/cc123/Behavioral 1357000599 \
      FL /home/student/Dropbox/Projects/V5-ReferenceDesign/v5-counter-test/v5-counter-test/counter.vhd \
      EN work/cc123 1357000598
FL E:/Users/shan/Dropbox/Projects/V5-ReferenceDesign/v5-counter-test/v5-counter-test/counter.vhd 2014/05/28.05:43:09 K.39
