V3 3
FL E:/Users/shan/Dropbox/Projects/V5-ReferenceDesign/v5-counter-test/v5-counter-test/counter.vhd 2014/05/28.05:43:09 K.39
EN work/cc123 1401281820 \
      FL E:/Users/shan/Dropbox/Projects/V5-ReferenceDesign/v5-counter-test/v5-counter-test/counter.vhd \
      PB ieee/std_logic_1164 1217055545 PB ieee/std_logic_arith 1217055546 \
      PB ieee/STD_LOGIC_UNSIGNED 1217055547
AR work/cc123/Behavioral 1401281821 \
      FL E:/Users/shan/Dropbox/Projects/V5-ReferenceDesign/v5-counter-test/v5-counter-test/counter.vhd \
      EN work/cc123 1401281820
