V3 3
FL /home/student/Dropbox/Projects/V5-ReferenceDesign/v5-counter-test/src/counter.vhd 2014/05/28.22:43:09 P.28xd
EN work/cc123 1401945144 \
      FL /home/student/Dropbox/Projects/V5-ReferenceDesign/v5-counter-test/src/counter.vhd \
      PB ieee/std_logic_1164 1341906176 PB ieee/std_logic_arith 1341906177 \
      PB ieee/STD_LOGIC_UNSIGNED 1341906179
AR work/cc123/Behavioral 1401945145 \
      FL /home/student/Dropbox/Projects/V5-ReferenceDesign/v5-counter-test/src/counter.vhd \
      EN work/cc123 1401945144
