V3 19
FL /home/student/Dropbox/Projects/V5-ReferenceDesign/LCD/LCD-Demo0/src/clk_div.vhd 2010/10/27.03:37:07 P.28xd
FL /home/student/Dropbox/Projects/V5-ReferenceDesign/LCD/LCD-Demo0/src/counter.vhd 2014/06/05.16:26:11 P.28xd
FL /home/student/Dropbox/Projects/V5-ReferenceDesign/LCD/LCD-Demo0/src/lcd.vhdl 2014/06/05.19:41:39 P.28xd
FL /home/student/Dropbox/Projects/V5-ReferenceDesign/LCD/LCD-Demo0/src/wb_lcd_driver.vhdl 2011/10/26.13:06:48 P.28xd
FL /home/student/Dropbox/Projects/V5-ReferenceDesign/LCD/LCD-LED-Demo/src/clk_div.vhd 2010/10/27.03:37:07 P.28xd
EN work/clk_div 1401975399 \
      FL /home/student/Dropbox/Projects/V5-ReferenceDesign/LCD/LCD-LED-Demo/src/clk_div.vhd \
      PB ieee/std_logic_1164 1341906176 PB ieee/std_logic_arith 1341906177 \
      PB ieee/STD_LOGIC_UNSIGNED 1341906179
AR work/clk_div/a 1401975400 \
      FL /home/student/Dropbox/Projects/V5-ReferenceDesign/LCD/LCD-LED-Demo/src/clk_div.vhd \
      EN work/clk_div 1401975399
FL /home/student/Dropbox/Projects/V5-ReferenceDesign/LCD/LCD-LED-Demo/src/counter.vhd 2014/06/05.16:26:11 P.28xd
EN work/counter 1401975397 \
      FL /home/student/Dropbox/Projects/V5-ReferenceDesign/LCD/LCD-LED-Demo/src/counter.vhd \
      PB ieee/std_logic_1164 1341906176 PB ieee/std_logic_arith 1341906177 \
      PB ieee/STD_LOGIC_UNSIGNED 1341906179
AR work/counter/Behavioral 1401975398 \
      FL /home/student/Dropbox/Projects/V5-ReferenceDesign/LCD/LCD-LED-Demo/src/counter.vhd \
      EN work/counter 1401975397
FL /home/student/Dropbox/Projects/V5-ReferenceDesign/LCD/LCD-LED-Demo/src/lcd.vhdl 2014/06/05.23:36:32 P.28xd
EN work/lcd2x16 1401975403 \
      FL /home/student/Dropbox/Projects/V5-ReferenceDesign/LCD/LCD-LED-Demo/src/lcd.vhdl \
      PB ieee/std_logic_1164 1341906176 PB ieee/STD_LOGIC_UNSIGNED 1341906179 \
      PB ieee/NUMERIC_STD 1341906182
AR work/lcd2x16/lcd2x16 1401975404 \
      FL /home/student/Dropbox/Projects/V5-ReferenceDesign/LCD/LCD-LED-Demo/src/lcd.vhdl \
      EN work/lcd2x16 1401975403 CP counter CP clk_div CP wb_lcd_driver
FL /home/student/Dropbox/Projects/V5-ReferenceDesign/LCD/LCD-LED-Demo/src/wb_lcd_driver.vhdl 2011/10/26.13:06:48 P.28xd
EN work/wb_lcd_driver 1401975401 \
      FL /home/student/Dropbox/Projects/V5-ReferenceDesign/LCD/LCD-LED-Demo/src/wb_lcd_driver.vhdl \
      PB ieee/std_logic_1164 1341906176 PB ieee/STD_LOGIC_UNSIGNED 1341906179 \
      PB ieee/NUMERIC_STD 1341906182
AR work/wb_lcd_driver/wb_lcd_driver 1401975402 \
      FL /home/student/Dropbox/Projects/V5-ReferenceDesign/LCD/LCD-LED-Demo/src/wb_lcd_driver.vhdl \
      EN work/wb_lcd_driver 1401975401
